[www.omeedtehrani.com/index.html]
[backblue.gif]
[fade.gif]
[index.html]
[www.omeedtehrani.com/home.html]
[www.omeedtehrani.com/research/decision-transformers.html]
[www.omeedtehrani.com/research/state-based-dagger-agent-for-supertuxkart-using-dnns.html]
[www.omeedtehrani.com/research/genre-detection-and-model-evaluation-with-fma-using-classical-machine-learn.html]
[www.omeedtehrani.com/posts.html]
[www.omeedtehrani.com/posts/reinforcement-learning.html]
[www.omeedtehrani.com/posts/neural-networks.html]
[www.omeedtehrani.com/posts/science-of-interstellar.html]
[www.omeedtehrani.com/posts/fermats-library.html]
[www.omeedtehrani.com/posts/discussion-on-layers.html]
[www.omeedtehrani.com/projects.html]
[www.omeedtehrani.com/projects/macos-jarvis-sequence.html]
[www.omeedtehrani.com/teaching.html]
[www.omeedtehrani.com/teaching/cs312.html]
[www.omeedtehrani.com/teaching/real-time-perception-meets-reactive-motion-generation.html]
[www.omeedtehrani.com/coursework.html]
[www.omeedtehrani.com/index.html]
[www.omeedtehrani.com/home.html]
[www.omeedtehrani.com/research/decision-transformers.html]
[www.omeedtehrani.com/research/state-based-dagger-agent-for-supertuxkart-using-dnns.html]
[www.omeedtehrani.com/research/genre-detection-and-model-evaluation-with-fma-using-classical-machine-learn.html]
[www.omeedtehrani.com/posts.html]
[www.omeedtehrani.com/posts/reinforcement-learning.html]
[www.omeedtehrani.com/posts/neural-networks.html]
[www.omeedtehrani.com/posts/science-of-interstellar.html]
[www.omeedtehrani.com/posts/fermats-library.html]
[www.omeedtehrani.com/posts/discussion-on-layers.html]
[www.omeedtehrani.com/projects.html]
[www.omeedtehrani.com/projects/macos-jarvis-sequence.html]
[www.omeedtehrani.com/teaching.html]
[www.omeedtehrani.com/teaching/cs312.html]
[www.omeedtehrani.com/teaching/real-time-perception-meets-reactive-motion-generation.html]
[www.omeedtehrani.com/coursework.html]
[www.omeedtehrani.com/cv.html]
[www.omeedtehrani.com/cv.html]
